try_ok
after_try_ok
caught=error!
after_catch
try_finally
finally_ok
nest_outer_try
nest_inner_caught=inner_err
nest_outer_continue
stale_outer_try
stale_inner_ok
stale_outer_caught=stale_outer_err
cross_outer_try
risky_enter
cross_caught=deep_error
obj_file=file error:  cfg.myp
obj_parse=parse error: :42 
obj_rethrow=parse error: :7 
obj_catchall=simple_err
fin_inner
fin_outer=fin_prop
iface_file=file error:  
iface_parse=parse error: :0 
iface_catchall=iface_str
iface_ord=parse error: :0 
std_io=io error: write disk full
std_net=net error: connect 10.0.0.1:8080
std_json=json error: 3:7 unexpected token
std_arg=argument error: n must be positive
std_math=math error: div by zero
std_idx=index error: 5 / 3
std_iface=net error: send example.com:443
std_file=file error: open /no/such/file
done
