try_ok
after_try_ok
caught=error!
after_catch
try_finally
finally_ok
nest_outer_try
nest_inner_caught=inner_err
nest_outer_continue
stale_outer_try
stale_inner_ok
stale_outer_caught=stale_outer_err
cross_outer_try
risky_enter
cross_caught=deep_error
obj_file=file: cfg.myp
obj_parse=parse: 42
obj_rethrow=parse: 7
obj_catchall=simple_err
fin_inner
fin_outer=fin_prop
done
